true
false
true
false
true
true
false
false
true
true
true
true
true
true
true
[2,3,4,5]
[1,2,3]
